2024-05-22 18:30:11,951 - Null reference [template 'getall.vm', line 54, column 35] : ${Cservice} cannot be resolved.
2024-05-22 18:30:11,952 - Null reference [template 'getall.vm', line 56, column 35] : ${Cservice} cannot be resolved.
2024-05-22 18:30:11,955 - ResourceManager : found updateseq.vm with loader org.apache.velocity.runtime.resource.loader.ClasspathResourceLoader
2024-05-22 18:30:11,955 - Null reference [template 'updateseq.vm', line 3, column 13] : ${Cservice} cannot be resolved.
2024-05-22 18:30:11,955 - Null reference [template 'updateseq.vm', line 4, column 13] : ${Cservice} cannot be resolved.
2024-05-22 18:30:11,955 - Null reference [template 'updateseq.vm', line 7, column 13] : ${Cservice} cannot be resolved.
2024-05-22 18:30:11,962 - Null reference [template 'updateseq.vm', line 8, column 13] : ${Cservice} cannot be resolved.
2024-05-22 18:30:11,962 - Null reference [template 'updateseq.vm', line 9, column 13] : ${Cservice} cannot be resolved.
2024-05-22 18:30:11,962 - Null reference [template 'updateseq.vm', line 13, column 55] : ${service} cannot be resolved.
2024-05-22 18:30:11,962 - Null reference [template 'updateseq.vm', line 13, column 67] : ${param} cannot be resolved.
2024-05-22 18:30:11,963 - Null reference [template 'updateseq.vm', line 19, column 17] : ${Cservice} cannot be resolved.
2024-05-22 18:30:11,963 - Null reference [template 'updateseq.vm', line 23, column 32] : ${Cservice} cannot be resolved.
2024-05-22 18:30:11,963 - Null reference [template 'updateseq.vm', line 23, column 45] : ${findBy} cannot be resolved.
2024-05-22 18:30:11,963 - Null reference [template 'updateseq.vm', line 25, column 32] : ${Cservice} cannot be resolved.
2024-05-22 18:30:11,963 - Null reference [template 'updateseq.vm', line 25, column 45] : ${findBy} cannot be resolved.
2024-05-22 18:30:11,963 - Null reference [template 'updateseq.vm', line 27, column 32] : ${Cservice} cannot be resolved.
2024-05-22 18:30:11,963 - Null reference [template 'updateseq.vm', line 27, column 43] : ${findBy} cannot be resolved.
2024-05-22 18:30:11,963 - Null reference [template 'updateseq.vm', line 29, column 33] : ${Cservice} cannot be resolved.
2024-05-22 18:30:11,963 - Null reference [template 'updateseq.vm', line 29, column 48] : ${findBy} cannot be resolved.
2024-05-22 18:30:11,963 - Null reference [template 'updateseq.vm', line 32, column 33] : ${Cservice} cannot be resolved.
2024-05-22 18:30:11,963 - Null reference [template 'updateseq.vm', line 34, column 36] : ${Cservice} cannot be resolved.
2024-05-22 18:30:11,963 - Null reference [template 'updateseq.vm', line 49, column 30] : ${Cservice} cannot be resolved.
2024-05-22 18:30:11,963 - Null reference [template 'updateseq.vm', line 57, column 26] : ${Cservice} cannot be resolved.
2024-05-22 18:30:11,963 - Null reference [template 'updateseq.vm', line 63, column 30] : ${Cservice} cannot be resolved.
2024-05-22 18:30:11,963 - Null reference [template 'updateseq.vm', line 65, column 30] : ${Cservice} cannot be resolved.
2024-05-22 18:30:11,965 - ResourceManager : found deleteseq.vm with loader org.apache.velocity.runtime.resource.loader.ClasspathResourceLoader
2024-05-22 18:30:11,966 - Null reference [template 'deleteseq.vm', line 3, column 13] : ${Cservice} cannot be resolved.
2024-05-22 18:30:11,967 - Null reference [template 'deleteseq.vm', line 4, column 13] : ${Cservice} cannot be resolved.
2024-05-22 18:30:11,967 - Null reference [template 'deleteseq.vm', line 7, column 13] : ${Cservice} cannot be resolved.
2024-05-22 18:30:11,967 - Null reference [template 'deleteseq.vm', line 8, column 13] : ${Cservice} cannot be resolved.
2024-05-22 18:30:11,967 - Null reference [template 'deleteseq.vm', line 9, column 13] : ${Cservice} cannot be resolved.
2024-05-22 18:30:11,967 - Null reference [template 'deleteseq.vm', line 13, column 55] : ${service} cannot be resolved.
2024-05-22 18:30:11,967 - Null reference [template 'deleteseq.vm', line 13, column 67] : ${param} cannot be resolved.
2024-05-22 18:30:11,967 - Null reference [template 'deleteseq.vm', line 19, column 17] : ${Cservice} cannot be resolved.
2024-05-22 18:30:11,967 - Null reference [template 'deleteseq.vm', line 23, column 32] : ${Cservice} cannot be resolved.
2024-05-22 18:30:11,967 - Null reference [template 'deleteseq.vm', line 23, column 45] : ${findBy} cannot be resolved.
2024-05-22 18:30:11,967 - Null reference [template 'deleteseq.vm', line 25, column 32] : ${Cservice} cannot be resolved.
2024-05-22 18:30:11,967 - Null reference [template 'deleteseq.vm', line 25, column 45] : ${findBy} cannot be resolved.
2024-05-22 18:30:11,967 - Null reference [template 'deleteseq.vm', line 27, column 32] : ${Cservice} cannot be resolved.
2024-05-22 18:30:11,967 - Null reference [template 'deleteseq.vm', line 27, column 45] : ${findBy} cannot be resolved.
2024-05-22 18:30:11,967 - Null reference [template 'deleteseq.vm', line 54, column 23] : ${Cservice} cannot be resolved.
2024-05-22 18:30:11,967 - Null reference [template 'deleteseq.vm', line 56, column 23] : ${Cservice} cannot be resolved.
2024-05-22 18:31:34,247 - Log4JLogChute initialized using file 'velocity.log'
2024-05-22 18:31:34,248 - Initializing Velocity, Calling init()...
2024-05-22 18:31:34,248 - Starting Apache Velocity v1.7 (compiled: 2010-11-19 12:14:37)
2024-05-22 18:31:34,248 - Default Properties File: org\apache\velocity\runtime\defaults\velocity.properties
2024-05-22 18:31:34,248 - Trying to use logger class org.apache.velocity.runtime.log.AvalonLogChute
2024-05-22 18:31:34,248 - Target log system for org.apache.velocity.runtime.log.AvalonLogChute is not available (java.lang.NoClassDefFoundError: org/apache/log/format/Formatter).  Falling back to next log system...
2024-05-22 18:31:34,248 - Trying to use logger class org.apache.velocity.runtime.log.Log4JLogChute
2024-05-22 18:31:34,248 - Using logger class org.apache.velocity.runtime.log.Log4JLogChute
2024-05-22 18:31:34,252 - ResourceLoader instantiated: org.apache.velocity.runtime.resource.loader.ClasspathResourceLoader
2024-05-22 18:31:34,262 - ResourceCache: initialized (class org.apache.velocity.runtime.resource.ResourceCacheImpl) with class java.util.Collections$SynchronizedMap cache map.
2024-05-22 18:31:34,264 - Loaded System Directive: org.apache.velocity.runtime.directive.Stop
2024-05-22 18:31:34,265 - Loaded System Directive: org.apache.velocity.runtime.directive.Define
2024-05-22 18:31:34,267 - Loaded System Directive: org.apache.velocity.runtime.directive.Break
2024-05-22 18:31:34,268 - Loaded System Directive: org.apache.velocity.runtime.directive.Evaluate
2024-05-22 18:31:34,269 - Loaded System Directive: org.apache.velocity.runtime.directive.Literal
2024-05-22 18:31:34,270 - Loaded System Directive: org.apache.velocity.runtime.directive.Macro
2024-05-22 18:31:34,270 - Loaded System Directive: org.apache.velocity.runtime.directive.Parse
2024-05-22 18:31:34,272 - Loaded System Directive: org.apache.velocity.runtime.directive.Include
2024-05-22 18:31:34,274 - Loaded System Directive: org.apache.velocity.runtime.directive.Foreach
2024-05-22 18:31:34,302 - Created '20' parsers.
2024-05-22 18:31:34,307 - Velocimacro : "velocimacro.library" is not set.  Trying default library: VM_global_library.vm
2024-05-22 18:31:34,308 - Could not load resource 'VM_global_library.vm' from ResourceLoader org.apache.velocity.runtime.resource.loader.ClasspathResourceLoader: ClasspathResourceLoader Error: cannot find resource VM_global_library.vm
2024-05-22 18:31:34,308 - Velocimacro : Default library not found.
2024-05-22 18:31:34,308 - Velocimacro : allowInline = true : VMs can be defined inline in templates
2024-05-22 18:31:34,308 - Velocimacro : allowInlineToOverride = false : VMs defined inline may NOT replace previous VM definitions
2024-05-22 18:31:34,308 - Velocimacro : allowInlineLocal = false : VMs defined inline will be global in scope if allowed.
2024-05-22 18:31:34,308 - Velocimacro : autoload off : VM system will not automatically reload global library macros
2024-05-22 18:31:34,334 - ResourceManager : found pom.vm with loader org.apache.velocity.runtime.resource.loader.ClasspathResourceLoader
2024-05-22 18:31:34,337 - ResourceManager : found servletinit.vm with loader org.apache.velocity.runtime.resource.loader.ClasspathResourceLoader
2024-05-22 18:31:34,339 - ResourceManager : found ttsapp.vm with loader org.apache.velocity.runtime.resource.loader.ClasspathResourceLoader
2024-05-22 18:31:34,342 - ResourceManager : found appyaml.vm with loader org.apache.velocity.runtime.resource.loader.ClasspathResourceLoader
2024-05-22 18:31:34,345 - ResourceManager : found log4j.vm with loader org.apache.velocity.runtime.resource.loader.ClasspathResourceLoader
2024-05-22 18:31:34,353 - ResourceManager : found controller.vm with loader org.apache.velocity.runtime.resource.loader.ClasspathResourceLoader
2024-05-22 18:31:34,357 - ResourceManager : found errmsg.vm with loader org.apache.velocity.runtime.resource.loader.ClasspathResourceLoader
2024-05-22 18:31:34,359 - ResourceManager : found entity.vm with loader org.apache.velocity.runtime.resource.loader.ClasspathResourceLoader
2024-05-22 18:31:34,360 - ResourceManager : found repo.vm with loader org.apache.velocity.runtime.resource.loader.ClasspathResourceLoader
2024-05-22 18:31:34,364 - ResourceManager : found service.vm with loader org.apache.velocity.runtime.resource.loader.ClasspathResourceLoader
2024-05-22 18:31:34,366 - ResourceManager : found exception.vm with loader org.apache.velocity.runtime.resource.loader.ClasspathResourceLoader
2024-05-22 18:31:34,368 - ResourceManager : found response.vm with loader org.apache.velocity.runtime.resource.loader.ClasspathResourceLoader
2024-05-22 18:31:34,369 - Null reference [template 'response.vm', line 3, column 15] : ${genDate} cannot be resolved.
2024-05-22 18:31:34,369 - Null reference [template 'response.vm', line 4, column 47] : ${Cservice} cannot be resolved.
2024-05-22 18:31:34,373 - ResourceManager : found impl.vm with loader org.apache.velocity.runtime.resource.loader.ClasspathResourceLoader
2024-05-22 18:31:34,378 - ResourceManager : found classdiag.vm with loader org.apache.velocity.runtime.resource.loader.ClasspathResourceLoader
2024-05-22 18:31:34,384 - ResourceManager : found postseq.vm with loader org.apache.velocity.runtime.resource.loader.ClasspathResourceLoader
2024-05-22 18:31:34,387 - ResourceManager : found getseq.vm with loader org.apache.velocity.runtime.resource.loader.ClasspathResourceLoader
2024-05-22 18:31:34,391 - ResourceManager : found getall.vm with loader org.apache.velocity.runtime.resource.loader.ClasspathResourceLoader
2024-05-22 18:31:34,395 - ResourceManager : found updateseq.vm with loader org.apache.velocity.runtime.resource.loader.ClasspathResourceLoader
2024-05-22 18:31:34,398 - ResourceManager : found deleteseq.vm with loader org.apache.velocity.runtime.resource.loader.ClasspathResourceLoader
